Unity Editor version:    6000.2.6f2 (4a4dcaec6541)
Branch:                  6000.2/respin/6000.2.6f2-cc51a95c03
Build type:              Release
Batch mode:              YES
System name:             Linux
Distro version:          #1 SMP PREEMPT_DYNAMIC Wed Jan 14 23:11:35 UTC 2026
Kernel version:          6.8.0
Architecture:            x86_64
Available memory:        7959 MB
Date:                    2026-02-04T15:32:11Z
[Licensing::Module] Trying to connect to existing licensing client channel...
Initialize udev device monitor.
[Licensing::IpcConnector] Successfully connected to: "LicenseClient-jules" at "2026-02-04T15:32:11.265841Z"
[SignatureVerifier] Application signature verification not supported on this platform.

COMMAND LINE ARGUMENTS:
/home/jules/editors/Unity/Editor/Unity
-batchmode
-nographics
-runTests
-projectPath
.
-testPlatform
EditMode
-testResults
results.xml
Successfully changed project path to: /app/.

(process:4244): Gtk-CRITICAL **: 15:32:11.273: gtk_label_set_text: assertion 'GTK_IS_LABEL (label)' failed

(process:4244): Gtk-CRITICAL **: 15:32:11.274: gtk_label_set_text: assertion 'GTK_IS_LABEL (label)' failed
/app
[UnityMemory] Configuration Parameters - Can be set up in boot.config
    "memorysetup-allocator-temp-initial-block-size-main=262144"
    "memorysetup-allocator-temp-initial-block-size-worker=262144"
    "memorysetup-bucket-allocator-granularity=16"
    "memorysetup-bucket-allocator-bucket-count=8"
    "memorysetup-bucket-allocator-block-size=33554432"
    "memorysetup-bucket-allocator-block-count=8"
    "memorysetup-main-allocator-block-size=16777216"
    "memorysetup-thread-allocator-block-size=16777216"
    "memorysetup-gfx-main-allocator-block-size=16777216"
    "memorysetup-gfx-thread-allocator-block-size=16777216"
    "memorysetup-cache-allocator-block-size=4194304"
    "memorysetup-typetree-allocator-block-size=2097152"
    "memorysetup-profiler-bucket-allocator-granularity=16"
    "memorysetup-profiler-bucket-allocator-bucket-count=8"
    "memorysetup-profiler-bucket-allocator-block-size=33554432"
    "memorysetup-profiler-bucket-allocator-block-count=8"
    "memorysetup-profiler-allocator-block-size=16777216"
    "memorysetup-profiler-editor-allocator-block-size=1048576"
    "memorysetup-temp-allocator-size-main=16777216"
    "memorysetup-job-temp-allocator-block-size=2097152"
    "memorysetup-job-temp-allocator-block-size-background=1048576"
    "memorysetup-job-temp-allocator-reduction-small-platforms=262144"
    "memorysetup-temp-allocator-size-background-worker=32768"
    "memorysetup-temp-allocator-size-job-worker=262144"
    "memorysetup-temp-allocator-size-preload-manager=33554432"
    "memorysetup-temp-allocator-size-nav-mesh-worker=65536"
    "memorysetup-temp-allocator-size-audio-worker=65536"
    "memorysetup-temp-allocator-size-cloud-worker=32768"
    "memorysetup-temp-allocator-size-gi-baking-worker=262144"
    "memorysetup-temp-allocator-size-gi-baking-worker=262144"
    "memorysetup-temp-allocator-size-gi-baking-worker=262144"
    "memorysetup-temp-allocator-size-gi-baking-worker=262144"
    "memorysetup-temp-allocator-size-gi-baking-worker=262144"
    "memorysetup-temp-allocator-size-gfx=262144"
Player connection [139839694600960]  Target information:

Player connection [139839694600960]  * "[IP] 192.168.0.2 [Port] 55504 [Flags] 2 [Guid] 1433536030 [EditorId] 1433536030 [Version] 1048832 [Id] LinuxEditor(16,192.168.0.2) [Debug] 1 [PackageName] LinuxEditor [ProjectName] Editor"

Player connection [139839694600960]  * "[IP] 172.17.0.1 [Port] 55504 [Flags] 2 [Guid] 1433536030 [EditorId] 1433536030 [Version] 1048832 [Id] LinuxEditor(16,192.168.0.2) [Debug] 1 [PackageName] LinuxEditor [ProjectName] Editor"

Player connection [139839694600960] Host joined multi-casting on [225.0.0.222:54997]...
Player connection [139839694600960] Host joined alternative multi-casting on [225.0.0.222:34997]...
[Licensing::Client] Handshaking with LicensingClient:
  Version:                 1.17.2+ff71f16
  Session Id:              a8a41d0bb2424d58a41c68b67fce48ea
  Correlation Id:          56b4203073eed2b582e34f2b93285e2d
  External correlation Id: 2735543587540085345
  Machine Id:              CnrHzKCudYWIsnn8NnNLmQPShRw=
[Licensing::Module] Successfully connected to LicensingClient on channel: "LicenseClient-jules" (connect: 0.00s, validation: 0.12s, handshake: 0.00s)
[Licensing::IpcConnector] Successfully connected to: "LicenseClient-jules-notifications" at "2026-02-04T15:32:11.387899Z"
[Licensing::Module] Error: Access token is unavailable; failed to update
Input System module state changed to: Initialized.
[Licensing::Client] Error: Code 404 while processing request (status: Found 0 entitlement groups and 0 free entitlements matching requested entitlement ids)
[Physics::Module] Initialized fallback backend.
[Physics::Module] Id: 0xdecafbad
[Licensing::Client] Successfully updated license, isAsync: False, time: 0.06
[Licensing::Module] Licensing Background thread has ended after 0.22s
[Package Manager] Connected to IPC stream "Upm-4244" after 0.8 seconds.
Library Redirect Path: Library/
Rebuilding Library because the asset database could not be found!
ALSA lib confmisc.c:855:(parse_card) cannot find card '0'
ALSA lib conf.c:5204:(_snd_config_evaluate) function snd_func_card_inum returned error: No such file or directory
ALSA lib confmisc.c:422:(snd_func_concat) error evaluating strings
ALSA lib conf.c:5204:(_snd_config_evaluate) function snd_func_concat returned error: No such file or directory
ALSA lib confmisc.c:1342:(snd_func_refer) error evaluating name
ALSA lib conf.c:5204:(_snd_config_evaluate) function snd_func_refer returned error: No such file or directory
ALSA lib conf.c:5727:(snd_config_expand) Evaluate error: No such file or directory
ALSA lib pcm.c:2721:(snd_pcm_open_noupdate) Unknown PCM default
FMOD failed to initialize the output device.: "Error initializing output device. " (60)
Forced to initialize FMOD to to the device driver's system output rate 48000, this may impact performance and/or give inconsistent experiences compared to selected sample rate 48000
ALSA lib confmisc.c:855:(parse_card) cannot find card '0'
ALSA lib conf.c:5204:(_snd_config_evaluate) function snd_func_card_inum returned error: No such file or directory
ALSA lib confmisc.c:422:(snd_func_concat) error evaluating strings
ALSA lib conf.c:5204:(_snd_config_evaluate) function snd_func_concat returned error: No such file or directory
ALSA lib confmisc.c:1342:(snd_func_refer) error evaluating name
ALSA lib conf.c:5204:(_snd_config_evaluate) function snd_func_refer returned error: No such file or directory
ALSA lib conf.c:5727:(snd_config_expand) Evaluate error: No such file or directory
ALSA lib pcm.c:2721:(snd_pcm_open_noupdate) Unknown PCM default
FMOD failed to initialize the output device.: "Error initializing output device. " (60)
FMOD initialized on nosound output
[Physics::Module] Selected backend.
[Physics::Module] Name: PhysX
[Physics::Module] Id: 0xf2b8ea05
[Physics::Module] SDK Version: 4.1.2
[Physics::Module] Integration Version: 1.0.0
[Physics::Module] Threading Mode: Multi-Threaded
PlayerPrefs - Creating folder: /home/jules/.config/unity3d/DefaultCompany/unity-sandbox-director
Unable to load player prefs
Refreshing native plugins compatible for Editor in 0.00 ms, found 0 plugins.
Preloading 0 native plugins for Editor in 0.00 ms.
Initialize engine version: 6000.2.6f2 (4a4dcaec6541)
[Subsystems] Discovering subsystems at path /home/jules/editors/Unity/Editor/Data/Resources/UnitySubsystems
[Subsystems] Discovering subsystems at path /app/Assets
Forcing GfxDevice: Null
GfxDevice: creating device client; kGfxThreadingModeNonThreaded
NullGfxDevice:
    Version:  NULL 1.0 [1.0]
    Renderer: Null Device
    Vendor:   Unity Technologies
Initialize mono
Mono path[0] = '/home/jules/editors/Unity/Editor/Data/Managed'
Mono path[1] = '/home/jules/editors/Unity/Editor/Data/MonoBleedingEdge/lib/mono/unityjit-linux'
Mono config path = '/home/jules/editors/Unity/Editor/Data/MonoBleedingEdge/etc'
Using monoOptions --debugger-agent=transport=dt_socket,embedding=1,server=y,suspend=n,address=127.0.0.1:56244
Using cacheserver namespaces - metadata:defaultmetadata, artifacts:defaultartifacts
Using cacheserver namespaces - metadata:defaultmetadata, artifacts:defaultartifacts
ImportWorker Server TCP listen port: 0
AcceleratorClientConnectionCallback - disconnected - :0
Begin MonoManager ReloadAssembly
Registering precompiled unity dll's ...
Register platform support module: /home/jules/editors/Unity/Editor/Data/PlaybackEngines/LinuxStandaloneSupport/UnityEditor.LinuxStandalone.Extensions.dll
Registered in 0.005324 seconds.
- Loaded All Assemblies, in  2.045 seconds
Native extension for LinuxStandalone target not found
Mono: successfully reloaded assembly
- Finished resetting the current domain, in  1.893 seconds
Domain Reload Profiling: 3939ms
	BeginReloadAssembly (954ms)
		ExecutionOrderSort (0ms)
		DisableScriptedObjects (0ms)
		BackupInstance (0ms)
		ReleaseScriptingObjects (0ms)
		CreateAndSetChildDomain (1ms)
	RebuildCommonClasses (210ms)
	RebuildNativeTypeToScriptingClass (25ms)
	initialDomainReloadingComplete (159ms)
	LoadAllAssembliesAndSetupDomain (696ms)
		LoadAssemblies (959ms)
		RebuildTransferFunctionScriptingTraits (0ms)
		AnalyzeDomain (685ms)
			TypeCache.Refresh (680ms)
				TypeCache.ScanAssembly (606ms)
			BuildScriptInfoCaches (0ms)
			ResolveRequiredComponents (3ms)
	FinalizeReload (1895ms)
		ReleaseScriptCaches (0ms)
		RebuildScriptCaches (0ms)
		SetupLoadedEditorAssemblies (1747ms)
			LogAssemblyErrors (0ms)
			InitializePlatformSupportModulesInManaged (90ms)
			SetLoadedEditorAssemblies (12ms)
			BeforeProcessingInitializeOnLoad (293ms)
			ProcessInitializeOnLoadAttributes (877ms)
			ProcessInitializeOnLoadMethodAttributes (475ms)
			AfterProcessingInitializeOnLoad (0ms)
			EditorAssembliesLoaded (0ms)
		ExecutionOrderSort2 (0ms)
		AwakeInstancesAfterBackupRestoration (0ms)
[Licensing::Client] Error: Code 404 while processing request (status: Found 0 entitlement groups and 0 free entitlements matching requested entitlement ids)
[Licensing::Module] Error: 'com.unity.editor.headless' was not found.
[Licensing::Client] Error: Code 404 while processing request (status: Found 0 entitlement groups and 0 free entitlements matching requested entitlement ids)
[Licensing::Module] Error: 'com.unity.editor.headless' was not found.
Application.AssetDatabase Initial Refresh Start
Package Manager log level set to [2]
[Package Manager] Done resolving packages in 146.57 seconds
[Licensing::Client] Successfully resolved entitlement details
An error occurred while resolving packages:
  Project has invalid dependencies:
    com.unity.modules.adaptiveperformance: Package [com.unity.modules.adaptiveperformance@1.0.0] cannot be found
    com.unity.modules.vectorgraphics: Package [com.unity.modules.vectorgraphics@1.0.0] cannot be found
  One or more packages could not be added to the local file system:
    com.unity.2d.enhancers: Cannot connect to 'download.packages.unity.com' (error code: ETIMEDOUT). Check your internet connection and verify that your environment firewall policies allow connection to this host name. If your system is behind a proxy, verify your proxy environment variables (HTTP_PROXY and HTTPS_PROXY) are properly set.
    com.unity.ai.generators: getaddrinfo EAI_AGAIN cdn.packages.unity.com
    com.unity.ai.toolkit: Cannot connect to 'download.packages.unity.com' (error code: ETIMEDOUT). Check your internet connection and verify that your environment firewall policies allow connection to this host name. If your system is behind a proxy, verify your proxy environment variables (HTTP_PROXY and HTTPS_PROXY) are properly set.
    com.unity.collab-proxy: Cannot connect to 'download.packages.unity.com' (error code: ETIMEDOUT). Check your internet connection and verify that your environment firewall policies allow connection to this host name. If your system is behind a proxy, verify your proxy environment variables (HTTP_PROXY and HTTPS_PROXY) are properly set.
    com.unity.xr.openxr: getaddrinfo EAI_AGAIN cdn.packages.unity.com
